racoon-56011

2026/09/22 12:54:19 Build version: v0.0.0-20260922114418-3d3b5ed92b4d
2026/09/22 12:54:19 RACOON-Pi3 version: v0.0.0-20260922114418-3d3b5ed92b4d
2026/09/22 12:54:19 Exporting PWM...
2026/09/22 12:54:19 Buzzer PWM initialized: /sys/class/pwm/pwmchip1/pwm0
DIP1: 1
DIP2: 1
DIP3: 1
DIP4: 1
GOT ID FROM DIP SW: 15
2026/09/22 12:54:19 Local MAC for AI receive: 20:bd:1d:d7:3f:f2 (wlan0)
2026/09/22 12:54:19 Local IP for AI receive: 172.15.0.35 (wlan0)
2026/09/22 12:54:19 [TRAJ] reading the trajectory from stdin (JSON lines, then "END") ...
2026/09/22 12:54:19 [TRAJ] 616 points, 9.82 s, max radius 0.60 m, max speed 0.40 m/s, max yaw rate 0.00 rad/s
2026/09/22 12:54:19 [VISION] Listening on 224.5.23.2:10006 (team=blue id=12)
2026/09/22 12:54:19 [TRAJ] waiting for vision of blue 12 ...
2026/09/22 12:54:19 SPI recv frame mismatch: no valid frame in 40-byte window
2026/09/22 12:54:19 [TRAJ] *** RUNNING: method=ffp_vlead interp=hermite from (12, -1794) mm, 150.5 deg. Ctrl+C to stop ***
2026/09/22 12:54:19 Emergency stop released (InfoEmgStop: 1 -> 0)
2026/09/22 12:54:19 Pythonプロセスを開始します（board=rock5a）。
2026/09/22 12:54:19 Pythonプロセスが正常に開始されました。
2026/09/22 12:54:19 API Server listening on :9191
/usr/bin/python3: No module named camera
2026/09/22 12:54:20 [TRAJ] t= 0.70s err=( +190,  -36) mm cmd=( -500,   +2) mm/s age=  6 ms
2026/09/22 12:54:21 [TRAJ] t= 1.70s err=( +446, +234) mm cmd=( -384, -320) mm/s age=  4 ms
DIP1: 1
DIP2: 1
DIP3: 1
DIP4: 1
HEX: 15
2026/09/22 12:54:21 BATTERY ALARM
2026/09/22 12:54:22 [TRAJ] t= 2.70s err=( +246, +545) mm cmd=(  -97, -490) mm/s age=  6 ms
2026/09/22 12:54:23 [TRAJ] t= 3.74s err=( -114, +407) mm cmd=( +253, -431) mm/s age=  3 ms
2026/09/22 12:54:24 [TRAJ] t= 4.80s err=(  -40,  +27) mm cmd=( -228, +132) mm/s age=  7 ms
2026/09/22 12:54:25 [TRAJ] t= 5.85s err=( +148, -315) mm cmd=( -117, +486) mm/s age=  7 ms
2026/09/22 12:54:26 [TRAJ] t= 6.85s err=( -132, -561) mm cmd=( +217, +450) mm/s age=  3 ms
2026/09/22 12:54:27 [TRAJ] t= 7.85s err=( -435, -346) mm cmd=( +453, +211) mm/s age=  5 ms
2026/09/22 12:54:28 [TRAJ] t= 8.90s err=( -281,   +8) mm cmd=( +462, -160) mm/s age=  5 ms
2026/09/22 12:54:29 [TRAJ] t= 9.90s err=(   +0,   +1) mm cmd=(   -1,   -3) mm/s age=  9 ms
2026/09/22 12:54:30 Emergency stop activated (InfoEmgStop: 0 -> 1)
=== trajpoc result: method=ffp_vlead interp=hermite Kp=3.00 Kth=4.00 lead=85ms ===
end: done (trajectory finished)
vision frames 1219, held cycles 0, vision age median 5 ms
position error     RMS  401.3 mm   max  600.8 mm
contour error      RMS    0.7 mm   max    1.9 mm   (distance to the path, time ignored)
along-track mean     -1.8 mm   lag 11 ms   (negative mean = behind the reference)
cross-track        RMS  363.4 mm
heading error      RMS   0.29 deg  max   1.01 deg
final (arrival)       0.9 mm    0.14 deg
command accel RMS    0.60 m/s^2  (how jerky the command was)
after the end      heading swing ±0.68 deg, max translation command 6 mm/s  (near-goal=false)
csv: trajpoc-20260922-125430-ffp_vlead-hermite.csv
2026/09/22 12:54:30 既存のPythonプロセスを停止します。
