racoon-56011

2026/09/22 11:13:48 Build version: v0.0.0-20260922111119-393b351ee28b
2026/09/22 11:13:48 RACOON-Pi3 version: v0.0.0-20260922111119-393b351ee28b
2026/09/22 11:13:48 Exporting PWM...
2026/09/22 11:13:48 Buzzer PWM initialized: /sys/class/pwm/pwmchip1/pwm0
DIP1: 1
DIP2: 1
DIP3: 1
DIP4: 1
GOT ID FROM DIP SW: 15
2026/09/22 11:13:48 Local MAC for AI receive: 20:bd:1d:d7:3f:f2 (wlan0)
2026/09/22 11:13:48 Local IP for AI receive: 172.15.0.34 (wlan0)
2026/09/22 11:13:48 [TRAJ] reading the trajectory from stdin (JSON lines, then "END") ...
2026/09/22 11:13:48 [TRAJ] 241 points, 3.81 s, max radius 0.00 m, max speed 0.00 m/s, max yaw rate 1.00 rad/s
2026/09/22 11:13:48 [TRAJ] waiting for vision of blue 12 ...
2026/09/22 11:13:48 [VISION] Listening on 224.5.23.2:10006 (team=blue id=12)
2026/09/22 11:13:48 SPI recv frame mismatch: no valid frame in 40-byte window
2026/09/22 11:13:48 SPI recv frame recovered
2026/09/22 11:13:48 [TRAJ] *** RUNNING: method=ffp interp=hermite from (-387, -832) mm, 74.7 deg. Ctrl+C to stop ***
2026/09/22 11:13:48 Emergency stop released (InfoEmgStop: 1 -> 0)
2026/09/22 11:13:48 SPI recv frame mismatch: no valid frame in 40-byte window
2026/09/22 11:13:48 SPI recv frame recovered
2026/09/22 11:13:48 Pythonプロセスを開始します（board=rock5a）。
2026/09/22 11:13:48 Pythonプロセスが正常に開始されました。
2026/09/22 11:13:48 API Server listening on :9191
/usr/bin/python3: No module named camera
2026/09/22 11:13:49 [TRAJ] t= 0.70s err=(   +2,   -0) mm cmd=(   -5,   +1) mm/s age= 11 ms
2026/09/22 11:13:50 [TRAJ] t= 1.75s err=(   +2,   +0) mm cmd=(   -5,   -0) mm/s age= 12 ms
2026/09/22 11:13:51 [TRAJ] t= 2.75s err=(   -2,   -1) mm cmd=(   +5,   +2) mm/s age=  6 ms
DIP1: 1
DIP2: 1
DIP3: 1
DIP4: 1
HEX: 15
2026/09/22 11:13:52 [TRAJ] t= 3.75s err=(   -1,   -0) mm cmd=(   +3,   +1) mm/s age= 10 ms
2026/09/22 11:13:53 Emergency stop activated (InfoEmgStop: 0 -> 1)
=== trajpoc result: method=ffp interp=hermite Kp=3.00 Kth=0.00 lead=30ms ===
end: done (trajectory finished)
vision frames 437, held cycles 0, vision age median 3 ms
position error     RMS    1.2 mm   max    2.6 mm
contour error      RMS    1.2 mm   max    2.6 mm   (distance to the path, time ignored)
along-track mean     +0.0 mm   lag 0 ms   (negative mean = behind the reference)
cross-track        RMS    0.0 mm
heading error      RMS   3.40 deg  max   6.49 deg
final (arrival)       1.3 mm    0.20 deg
command accel RMS    0.13 m/s^2  (how jerky the command was)
csv: trajpoc-20260922-111353-ffp-hermite.csv
2026/09/22 11:13:53 既存のPythonプロセスを停止します。
