racoon-56011

2026/09/22 11:28:56 Build version: v0.0.0-20260922112805-01b48973c9ea
2026/09/22 11:28:56 RACOON-Pi3 version: v0.0.0-20260922112805-01b48973c9ea
2026/09/22 11:28:56 Exporting PWM...
2026/09/22 11:28:56 Buzzer PWM initialized: /sys/class/pwm/pwmchip1/pwm0
DIP1: 1
DIP2: 1
DIP3: 1
DIP4: 1
GOT ID FROM DIP SW: 15
2026/09/22 11:28:56 Local MAC for AI receive: 20:bd:1d:d7:3f:f2 (wlan0)
2026/09/22 11:28:56 Local IP for AI receive: 172.15.0.34 (wlan0)
2026/09/22 11:28:56 [TRAJ] reading the trajectory from stdin (JSON lines, then "END") ...
2026/09/22 11:28:56 [TRAJ] 321 points, 5.11 s, max radius 0.60 m, max speed 0.40 m/s, max yaw rate 0.00 rad/s
2026/09/22 11:28:56 [TRAJ] waiting for vision of blue 12 ...
2026/09/22 11:28:56 [VISION] Listening on 224.5.23.2:10006 (team=blue id=12)
2026/09/22 11:28:56 SPI recv frame mismatch: no valid frame in 40-byte window
2026/09/22 11:28:56 [TRAJ] *** RUNNING: method=ffp_vlead interp=hermite from (-395, -829) mm, 78.1 deg. Ctrl+C to stop ***
2026/09/22 11:28:56 Emergency stop released (InfoEmgStop: 1 -> 0)
2026/09/22 11:28:56 SPI recv frame recovered
2026/09/22 11:28:56 Pythonプロセスを開始します（board=rock5a）。
2026/09/22 11:28:56 Pythonプロセスが正常に開始されました。
/usr/bin/python3: No module named camera
2026/09/22 11:28:56 API Server listening on :9191
2026/09/22 11:28:57 [TRAJ] t= 0.70s err=(   -1,  +20) mm cmd=( -214, +277) mm/s age=  0 ms
2026/09/22 11:28:58 [TRAJ] t= 1.70s err=(   -9,  -13) mm cmd=( -353,  -93) mm/s age=  2 ms
DIP1: 1
DIP2: 1
DIP3: 1
DIP4: 1
HEX: 15
2026/09/22 11:28:59 [TRAJ] t= 2.70s err=(  -15,  +12) mm cmd=(  +84, -439) mm/s age=  5 ms
2026/09/22 11:29:00 [TRAJ] t= 3.75s err=(   -7,   +4) mm cmd=( +428,  -44) mm/s age=  7 ms
2026/09/22 11:29:01 [TRAJ] t= 4.80s err=(   +7,   +1) mm cmd=(  +49, +225) mm/s age=  8 ms
2026/09/22 11:29:02 [TRAJ] t= 5.80s err=(   +1,   -3) mm cmd=(   +0,   +0) mm/s age=  3 ms
2026/09/22 11:29:02 Emergency stop activated (InfoEmgStop: 0 -> 1)
=== trajpoc result: method=ffp_vlead interp=hermite Kp=3.00 Kth=4.00 lead=85ms ===
end: done (trajectory finished)
vision frames 676, held cycles 0, vision age median 4 ms
position error     RMS   12.3 mm   max   22.5 mm
contour error      RMS    8.3 mm   max   20.9 mm   (distance to the path, time ignored)
along-track mean     +1.4 mm   lag -5 ms   (negative mean = behind the reference)
cross-track        RMS    9.0 mm
heading error      RMS   1.82 deg  max   5.25 deg
final (arrival)       3.1 mm    1.03 deg
command accel RMS    0.86 m/s^2  (how jerky the command was)
after the end      heading swing ±1.16 deg, max translation command 125 mm/s  (near-goal=true)
csv: trajpoc-20260922-112902-ffp_vlead-hermite.csv
2026/09/22 11:29:02 既存のPythonプロセスを停止します。
