racoon-56011

2026/09/22 10:57:14 Build version: v0.0.0-20260922105638-662c0f9ea335
2026/09/22 10:57:14 RACOON-Pi3 version: v0.0.0-20260922105638-662c0f9ea335
2026/09/22 10:57:14 Exporting PWM...
2026/09/22 10:57:14 Buzzer PWM initialized: /sys/class/pwm/pwmchip1/pwm0
DIP1: 1
DIP2: 1
DIP3: 1
DIP4: 1
GOT ID FROM DIP SW: 15
2026/09/22 10:57:14 Local MAC for AI receive: 20:bd:1d:d7:3f:f2 (wlan0)
2026/09/22 10:57:14 Local IP for AI receive: 172.15.0.34 (wlan0)
2026/09/22 10:57:14 [TRAJ] reading the trajectory from stdin (JSON lines, then "END") ...
2026/09/22 10:57:14 [TRAJ] 321 points, 5.11 s, max radius 0.60 m, max speed 0.40 m/s, max yaw rate 0.00 rad/s
2026/09/22 10:57:14 [TRAJ] waiting for vision of blue 12 ...
2026/09/22 10:57:14 [VISION] Listening on 224.5.23.2:10006 (team=blue id=12)
2026/09/22 10:57:14 SPI recv frame mismatch: no valid frame in 40-byte window
2026/09/22 10:57:14 SPI recv frame recovered
2026/09/22 10:57:14 [TRAJ] *** RUNNING: method=ffp_vlead interp=hermite from (-642, -1296) mm, 81.5 deg. Ctrl+C to stop ***
2026/09/22 10:57:14 Emergency stop released (InfoEmgStop: 1 -> 0)
2026/09/22 10:57:15 Pythonプロセスを開始します（board=rock5a）。
2026/09/22 10:57:15 Pythonプロセスが正常に開始されました。
2026/09/22 10:57:15 API Server listening on :9191
/usr/bin/python3: No module named camera
2026/09/22 10:57:15 [TRAJ] t= 0.70s err=(   +2,  +16) mm cmd=( -258, +284) mm/s age= 14 ms
2026/09/22 10:57:16 [TRAJ] t= 1.75s err=(  -18,   -6) mm cmd=( -307, -168) mm/s age=  5 ms
DIP1: 1
DIP2: 1
DIP3: 1
DIP4: 1
HEX: 15
2026/09/22 10:57:17 [TRAJ] t= 2.75s err=(  -18,   +9) mm cmd=( +150, -417) mm/s age=  0 ms
2026/09/22 10:57:19 [TRAJ] t= 3.80s err=(   +0,   +9) mm cmd=( +400,   +2) mm/s age=  1 ms
2026/09/22 10:57:20 [TRAJ] t= 4.85s err=(  +12,   +5) mm cmd=(   -2, +151) mm/s age=  3 ms
2026/09/22 10:57:21 [TRAJ] t= 5.85s err=(   -5,   +3) mm cmd=(  +15,   -8) mm/s age=  6 ms
2026/09/22 10:57:21 Emergency stop activated (InfoEmgStop: 0 -> 1)
=== trajpoc result: method=ffp_vlead interp=hermite Kp=3.00 Kth=4.00 lead=100ms ===
end: done (trajectory finished)
vision frames 587, held cycles 0, vision age median 4 ms
position error     RMS   13.4 mm   max   23.8 mm
contour error      RMS    8.9 mm   max   20.3 mm   (distance to the path, time ignored)
along-track mean     +4.0 mm   lag -15 ms   (negative mean = behind the reference)
cross-track        RMS    9.5 mm
heading error      RMS   1.58 deg  max   4.60 deg
final (arrival)       4.7 mm    0.24 deg
command accel RMS    0.89 m/s^2  (how jerky the command was)
csv: trajpoc-20260922-105721-ffp_vlead-hermite.csv
2026/09/22 10:57:21 既存のPythonプロセスを停止します。
