racoon-56011

2026/09/22 11:23:00 Build version: v0.0.0-20260922112247-e5b972fd9c0c
2026/09/22 11:23:00 RACOON-Pi3 version: v0.0.0-20260922112247-e5b972fd9c0c
2026/09/22 11:23:00 Exporting PWM...
2026/09/22 11:23:00 Buzzer PWM initialized: /sys/class/pwm/pwmchip1/pwm0
DIP1: 1
DIP2: 1
DIP3: 1
DIP4: 1
GOT ID FROM DIP SW: 15
2026/09/22 11:23:00 Local MAC for AI receive: 20:bd:1d:d7:3f:f2 (wlan0)
2026/09/22 11:23:00 Local IP for AI receive: 172.15.0.34 (wlan0)
2026/09/22 11:23:00 [TRAJ] reading the trajectory from stdin (JSON lines, then "END") ...
2026/09/22 11:23:00 [TRAJ] 215 points, 3.40 s, max radius 0.30 m, max speed 0.20 m/s, max yaw rate 0.00 rad/s
2026/09/22 11:23:00 [TRAJ] waiting for vision of blue 12 ...
2026/09/22 11:23:00 [VISION] Listening on 224.5.23.2:10006 (team=blue id=12)
2026/09/22 11:23:00 SPI recv frame mismatch: no valid frame in 40-byte window
2026/09/22 11:23:00 SPI recv frame recovered
2026/09/22 11:23:00 [TRAJ] *** RUNNING: method=ffp_vlead interp=hermite from (-388, -829) mm, 77.7 deg. Ctrl+C to stop ***
2026/09/22 11:23:00 Emergency stop released (InfoEmgStop: 1 -> 0)
2026/09/22 11:23:01 Pythonプロセスを開始します（board=rock5a）。
2026/09/22 11:23:01 Pythonプロセスが正常に開始されました。
2026/09/22 11:23:01 API Server listening on :9191
/usr/bin/python3: No module named camera
2026/09/22 11:23:01 [TRAJ] t= 0.70s err=(   -7,  +10) mm cmd=(  +64, +168) mm/s age=  4 ms
2026/09/22 11:23:02 [TRAJ] t= 1.70s err=(   -1,   -1) mm cmd=(  -15,  -78) mm/s age=  7 ms
DIP1: 1
DIP2: 1
DIP3: 1
DIP4: 1
HEX: 15
2026/09/22 11:23:03 [TRAJ] t= 2.75s err=(   -2,   -2) mm cmd=(  -37, -194) mm/s age=  7 ms
2026/09/22 11:23:04 [TRAJ] t= 3.79s err=(   -2,   +1) mm cmd=(   +0,   +0) mm/s age=  8 ms
2026/09/22 11:23:05 Emergency stop activated (InfoEmgStop: 0 -> 1)
=== trajpoc result: method=ffp_vlead interp=hermite Kp=3.00 Kth=4.00 lead=85ms ===
end: done (trajectory finished)
vision frames 480, held cycles 0, vision age median 4 ms
position error     RMS    9.3 mm   max   20.0 mm
contour error      RMS    5.4 mm   max   18.5 mm   (distance to the path, time ignored)
along-track mean     +0.8 mm   lag 2 ms   (negative mean = behind the reference)
cross-track        RMS    6.2 mm
heading error      RMS   1.35 deg  max   4.37 deg
final (arrival)       1.9 mm    0.29 deg
command accel RMS    0.60 m/s^2  (how jerky the command was)
after the end      heading swing ±1.61 deg, max translation command 80 mm/s  (near-goal=true)
csv: trajpoc-20260922-112305-ffp_vlead-hermite.csv
2026/09/22 11:23:05 既存のPythonプロセスを停止します。
