racoon-56011

2026/09/22 13:16:13 Build version: v0.0.0-20260922130931-4356eebf1ff1
2026/09/22 13:16:13 RACOON-Pi3 version: v0.0.0-20260922130931-4356eebf1ff1
2026/09/22 13:16:13 Exporting PWM...
2026/09/22 13:16:13 Buzzer PWM initialized: /sys/class/pwm/pwmchip1/pwm0
DIP1: 1
DIP2: 1
DIP3: 1
DIP4: 1
GOT ID FROM DIP SW: 15
2026/09/22 13:16:13 Local MAC for AI receive: 20:bd:1d:d7:3f:f2 (wlan0)
2026/09/22 13:16:13 Local IP for AI receive: 172.15.0.35 (wlan0)
2026/09/22 13:16:13 [TRAJ] reading the trajectory from stdin (JSON lines, then "END") ...
2026/09/22 13:16:13 [TRAJ] 321 points, 5.11 s, max radius 0.60 m, max speed 0.40 m/s, max yaw rate 2.08 rad/s
2026/09/22 13:16:13 [TRAJ] waiting for vision of blue 12 ...
2026/09/22 13:16:13 [VISION] Listening on 224.5.23.2:10006 (team=blue id=12)
2026/09/22 13:16:13 SPI recv frame mismatch: no valid frame in 40-byte window
2026/09/22 13:16:13 SPI recv frame recovered
2026/09/22 13:16:13 [TRAJ] STM ok, battery 22.0 V
2026/09/22 13:16:13 [TRAJ] *** RUNNING: method=ffp_vlead interp=hermite from (-173, 15) mm, -175.9 deg. Ctrl+C to stop ***
2026/09/22 13:16:13 Emergency stop released (InfoEmgStop: 1 -> 0)
2026/09/22 13:16:14 Pythonプロセスを開始します（board=rock5a）。
2026/09/22 13:16:14 Pythonプロセスが正常に開始されました。
2026/09/22 13:16:14 API Server listening on :9191
/usr/bin/python3: No module named camera
2026/09/22 13:16:14 [TRAJ] t= 0.70s err=(  -15,   +2) mm cmd=( -223, -306) mm/s age=  1 ms
2026/09/22 13:16:15 SPI recv frame mismatch: no valid frame in 40-byte window
2026/09/22 13:16:15 SPI recv frame recovered
2026/09/22 13:16:15 [TRAJ] t= 1.70s err=(   -8,  +17) mm cmd=( +253, -383) mm/s age=  3 ms
2026/09/22 13:16:16 [TRAJ] t= 2.74s err=(  -16,  +11) mm cmd=( +415, +136) mm/s age=  4 ms
DIP1: 1
DIP2: 1
DIP3: 1
DIP4: 1
HEX: 15
2026/09/22 13:16:17 [TRAJ] t= 3.74s err=(  -21,   -5) mm cmd=(  -15, +416) mm/s age=  7 ms
2026/09/22 13:16:18 [TRAJ] t= 4.80s err=(   +3,   -8) mm cmd=( -244,  +28) mm/s age=  9 ms
2026/09/22 13:16:19 [TRAJ] t= 5.80s err=(   +4,   -2) mm cmd=(  -11,   +6) mm/s age=  4 ms
2026/09/22 13:16:19 Emergency stop activated (InfoEmgStop: 0 -> 1)
=== trajpoc result: method=ffp_vlead interp=hermite Kp=3.00 Kth=4.00 lead=85ms ===
end: done (trajectory finished)
vision frames 674, held cycles 0, vision age median 4 ms
position error     RMS   15.7 mm   max   29.0 mm
contour error      RMS   12.4 mm   max   28.7 mm   (distance to the path, time ignored)
along-track mean     -6.3 mm   lag 19 ms   (negative mean = behind the reference)
cross-track        RMS   13.4 mm
heading error      RMS   2.35 deg  max   7.06 deg
final (arrival)       4.1 mm    0.08 deg
command accel RMS    0.76 m/s^2  (how jerky the command was)
after the end      heading swing ±2.02 deg, max translation command 46 mm/s  (near-goal=false)
csv: trajpoc-20260922-131620-ffp_vlead-hermite.csv
2026/09/22 13:16:20 既存のPythonプロセスを停止します。
