racoon-56011

2026/09/22 11:16:20 Build version: v0.0.0-20260922111538-5cff7fcb8b18
2026/09/22 11:16:20 RACOON-Pi3 version: v0.0.0-20260922111538-5cff7fcb8b18
2026/09/22 11:16:20 Exporting PWM...
2026/09/22 11:16:20 Buzzer PWM initialized: /sys/class/pwm/pwmchip1/pwm0
DIP1: 1
DIP2: 1
DIP3: 1
DIP4: 1
GOT ID FROM DIP SW: 15
2026/09/22 11:16:20 Local MAC for AI receive: 20:bd:1d:d7:3f:f2 (wlan0)
2026/09/22 11:16:20 Local IP for AI receive: 172.15.0.34 (wlan0)
2026/09/22 11:16:20 [TRAJ] reading the trajectory from stdin (JSON lines, then "END") ...
2026/09/22 11:16:20 [TRAJ] 215 points, 3.40 s, max radius 0.30 m, max speed 0.20 m/s, max yaw rate 0.00 rad/s
2026/09/22 11:16:20 [TRAJ] waiting for vision of blue 12 ...
2026/09/22 11:16:20 [VISION] Listening on 224.5.23.2:10006 (team=blue id=12)
2026/09/22 11:16:20 SPI recv frame mismatch: no valid frame in 40-byte window
2026/09/22 11:16:20 [TRAJ] *** RUNNING: method=ffp_vlead interp=hermite from (-387, -830) mm, 76.6 deg. Ctrl+C to stop ***
2026/09/22 11:16:20 Emergency stop released (InfoEmgStop: 1 -> 0)
2026/09/22 11:16:20 SPI recv frame recovered
2026/09/22 11:16:20 Pythonプロセスを開始します（board=rock5a）。
2026/09/22 11:16:20 Pythonプロセスが正常に開始されました。
2026/09/22 11:16:20 API Server listening on :9191
/usr/bin/python3: No module named camera
2026/09/22 11:16:21 [TRAJ] t= 0.69s err=(   +6,  +10) mm cmd=(  +46, +195) mm/s age=  8 ms
2026/09/22 11:16:22 [TRAJ] t= 1.70s err=(   +6,   -7) mm cmd=(  -20,  -84) mm/s age=  1 ms
DIP1: 1
DIP2: 1
DIP3: 1
DIP4: 1
HEX: 15
2026/09/22 11:16:23 [TRAJ] t= 2.75s err=(   -5,  -12) mm cmd=(  -46, -195) mm/s age=  2 ms
2026/09/22 11:16:24 [TRAJ] t= 3.75s err=(   +0,   -2) mm cmd=(   +0,   +0) mm/s age=  6 ms
2026/09/22 11:16:25 Emergency stop activated (InfoEmgStop: 0 -> 1)
=== trajpoc result: method=ffp_vlead interp=hermite Kp=0.00 Kth=4.00 lead=85ms ===
end: done (trajectory finished)
vision frames 401, held cycles 0, vision age median 4 ms
position error     RMS   12.4 mm   max   25.8 mm
contour error      RMS    6.0 mm   max   13.5 mm   (distance to the path, time ignored)
along-track mean     +8.3 mm   lag -56 ms   (negative mean = behind the reference)
cross-track        RMS    6.4 mm
heading error      RMS   1.06 deg  max   4.52 deg
final (arrival)       1.9 mm    0.32 deg
command accel RMS    0.42 m/s^2  (how jerky the command was)
csv: trajpoc-20260922-111625-ffp_vlead-hermite.csv
2026/09/22 11:16:25 既存のPythonプロセスを停止します。
