racoon-56011

2026/09/22 13:16:00 Build version: v0.0.0-20260922130931-4356eebf1ff1
2026/09/22 13:16:00 RACOON-Pi3 version: v0.0.0-20260922130931-4356eebf1ff1
2026/09/22 13:16:00 Exporting PWM...
2026/09/22 13:16:00 Buzzer PWM initialized: /sys/class/pwm/pwmchip1/pwm0
DIP1: 1
DIP2: 1
DIP3: 1
DIP4: 1
GOT ID FROM DIP SW: 15
2026/09/22 13:16:00 Local MAC for AI receive: 20:bd:1d:d7:3f:f2 (wlan0)
2026/09/22 13:16:00 Local IP for AI receive: 172.15.0.35 (wlan0)
2026/09/22 13:16:00 [TRAJ] reading the trajectory from stdin (JSON lines, then "END") ...
2026/09/22 13:16:00 [TRAJ] 616 points, 9.82 s, max radius 0.60 m, max speed 0.40 m/s, max yaw rate 0.00 rad/s
2026/09/22 13:16:00 [TRAJ] waiting for vision of blue 12 ...
2026/09/22 13:16:00 [VISION] Listening on 224.5.23.2:10006 (team=blue id=12)
2026/09/22 13:16:00 SPI recv frame mismatch: no valid frame in 40-byte window
2026/09/22 13:16:00 SPI recv frame recovered
2026/09/22 13:16:00 [TRAJ] STM ok, battery 22.0 V
2026/09/22 13:16:00 [TRAJ] *** RUNNING: method=ffp_vlead interp=hermite from (-175, 15) mm, -175.3 deg. Ctrl+C to stop ***
2026/09/22 13:16:00 Emergency stop released (InfoEmgStop: 1 -> 0)
2026/09/22 13:16:01 Pythonプロセスを開始します（board=rock5a）。
2026/09/22 13:16:01 Pythonプロセスが正常に開始されました。
2026/09/22 13:16:01 API Server listening on :9191
/usr/bin/python3: No module named camera
2026/09/22 13:16:01 [TRAJ] t= 0.70s err=(  -16,   -3) mm cmd=( -214, -296) mm/s age=  1 ms
2026/09/22 13:16:02 [TRAJ] t= 1.75s err=(   +4,   +2) mm cmd=( +243, -316) mm/s age=  2 ms
DIP1: 1
DIP2: 1
DIP3: 1
DIP4: 1
HEX: 15
2026/09/22 13:16:04 [TRAJ] t= 2.80s err=(   -6,   -3) mm cmd=( +370, +207) mm/s age=  3 ms
2026/09/22 13:16:05 [TRAJ] t= 3.84s err=(  -11,   -9) mm cmd=( -101, +408) mm/s age=  2 ms
2026/09/22 13:16:06 [TRAJ] t= 4.85s err=(   +5,   +5) mm cmd=( -423,  -34) mm/s age=  6 ms
2026/09/22 13:16:07 [TRAJ] t= 5.90s err=(   +2,   +4) mm cmd=(  -98, +387) mm/s age=  7 ms
2026/09/22 13:16:08 [TRAJ] t= 6.95s err=(   +7,   -1) mm cmd=( +357, +162) mm/s age=  8 ms
2026/09/22 13:16:09 [TRAJ] t= 7.95s err=(   -5,   -1) mm cmd=( +255, -320) mm/s age=  2 ms
2026/09/22 13:16:10 [TRAJ] t= 8.95s err=(   -4,   -1) mm cmd=( -248, -308) mm/s age=  5 ms
2026/09/22 13:16:11 [TRAJ] t=10.00s err=(  +12,   +2) mm cmd=(  -37,   -6) mm/s age=  6 ms
2026/09/22 13:16:12 Emergency stop activated (InfoEmgStop: 0 -> 1)
=== trajpoc result: method=ffp_vlead interp=hermite Kp=3.00 Kth=4.00 lead=85ms ===
end: done (trajectory finished)
vision frames 1218, held cycles 0, vision age median 5 ms
position error     RMS    9.2 mm   max   21.5 mm
contour error      RMS    5.8 mm   max   17.2 mm   (distance to the path, time ignored)
along-track mean     -2.3 mm   lag 6 ms   (negative mean = behind the reference)
cross-track        RMS    6.3 mm
heading error      RMS   1.72 deg  max   4.46 deg
final (arrival)       2.9 mm    0.89 deg
command accel RMS    0.76 m/s^2  (how jerky the command was)
after the end      heading swing ±1.00 deg, max translation command 43 mm/s  (near-goal=false)
csv: trajpoc-20260922-131612-ffp_vlead-hermite.csv
2026/09/22 13:16:12 既存のPythonプロセスを停止します。
