racoon-56011

2026/09/22 12:54:12 Build version: v0.0.0-20260922114418-3d3b5ed92b4d
2026/09/22 12:54:12 RACOON-Pi3 version: v0.0.0-20260922114418-3d3b5ed92b4d
2026/09/22 12:54:12 Exporting PWM...
2026/09/22 12:54:12 Buzzer PWM initialized: /sys/class/pwm/pwmchip1/pwm0
DIP1: 1
DIP2: 1
DIP3: 1
DIP4: 1
GOT ID FROM DIP SW: 15
2026/09/22 12:54:12 Local MAC for AI receive: 20:bd:1d:d7:3f:f2 (wlan0)
2026/09/22 12:54:12 Local IP for AI receive: 172.15.0.35 (wlan0)
2026/09/22 12:54:12 [TRAJ] reading the trajectory from stdin (JSON lines, then "END") ...
2026/09/22 12:54:12 [TRAJ] 241 points, 3.81 s, max radius 0.00 m, max speed 0.00 m/s, max yaw rate 1.00 rad/s
2026/09/22 12:54:12 [TRAJ] waiting for vision of blue 12 ...
2026/09/22 12:54:12 [VISION] Listening on 224.5.23.2:10006 (team=blue id=12)
2026/09/22 12:54:12 SPI recv frame mismatch: no valid frame in 40-byte window
2026/09/22 12:54:12 SPI recv frame recovered
2026/09/22 12:54:12 [TRAJ] *** RUNNING: method=ffp_vlead interp=hermite from (12, -1794) mm, 151.1 deg. Ctrl+C to stop ***
2026/09/22 12:54:12 Emergency stop released (InfoEmgStop: 1 -> 0)
2026/09/22 12:54:13 Pythonプロセスを開始します（board=rock5a）。
2026/09/22 12:54:13 Pythonプロセスが正常に開始されました。
2026/09/22 12:54:13 API Server listening on :9191
/usr/bin/python3: No module named camera
2026/09/22 12:54:13 [TRAJ] t= 0.70s err=(   -0,   -0) mm cmd=(   +0,   +0) mm/s age=  6 ms
2026/09/22 12:54:14 [TRAJ] t= 1.70s err=(   -1,   -0) mm cmd=(   +2,   +1) mm/s age= 10 ms
DIP1: 1
DIP2: 1
DIP3: 1
DIP4: 1
HEX: 15
2026/09/22 12:54:15 [TRAJ] t= 2.75s err=(   -1,   +0) mm cmd=(   +2,   -0) mm/s age=  1 ms
2026/09/22 12:54:16 [TRAJ] t= 3.79s err=(   -0,   -0) mm cmd=(   +1,   +1) mm/s age=  1 ms
2026/09/22 12:54:17 Emergency stop activated (InfoEmgStop: 0 -> 1)
=== trajpoc result: method=ffp_vlead interp=hermite Kp=3.00 Kth=4.00 lead=85ms ===
end: done (trajectory finished)
vision frames 524, held cycles 0, vision age median 4 ms
position error     RMS    0.4 mm   max    1.0 mm
contour error      RMS    0.4 mm   max    1.0 mm   (distance to the path, time ignored)
along-track mean     +0.0 mm   lag 0 ms   (negative mean = behind the reference)
cross-track        RMS    0.0 mm
heading error      RMS  49.46 deg  max  90.67 deg
final (arrival)       0.7 mm    0.69 deg
command accel RMS    0.17 m/s^2  (how jerky the command was)
after the end      heading swing ±0.65 deg, max translation command 3 mm/s  (near-goal=false)
csv: trajpoc-20260922-125417-ffp_vlead-hermite.csv
2026/09/22 12:54:17 既存のPythonプロセスを停止します。
