racoon-56011

2026/09/22 11:44:29 Build version: v0.0.0-20260922114418-3d3b5ed92b4d
2026/09/22 11:44:29 RACOON-Pi3 version: v0.0.0-20260922114418-3d3b5ed92b4d
2026/09/22 11:44:29 Exporting PWM...
2026/09/22 11:44:29 Buzzer PWM initialized: /sys/class/pwm/pwmchip1/pwm0
DIP1: 1
DIP2: 1
DIP3: 1
DIP4: 1
GOT ID FROM DIP SW: 15
2026/09/22 11:44:29 Local MAC for AI receive: 20:bd:1d:d7:3f:f2 (wlan0)
2026/09/22 11:44:29 Local IP for AI receive: 172.15.0.34 (wlan0)
2026/09/22 11:44:29 [TRAJ] reading the trajectory from stdin (JSON lines, then "END") ...
2026/09/22 11:44:29 [TRAJ] 215 points, 3.40 s, max radius 0.30 m, max speed 0.20 m/s, max yaw rate 0.00 rad/s
2026/09/22 11:44:29 [TRAJ] waiting for vision of blue 12 ...
2026/09/22 11:44:29 [VISION] Listening on 224.5.23.2:10006 (team=blue id=12)
2026/09/22 11:44:29 SPI recv frame mismatch: no valid frame in 40-byte window
2026/09/22 11:44:29 SPI recv frame recovered
2026/09/22 11:44:29 [TRAJ] *** RUNNING: method=ffp_vlead interp=hermite from (-393, -833) mm, 78.4 deg. Ctrl+C to stop ***
2026/09/22 11:44:29 Emergency stop released (InfoEmgStop: 1 -> 0)
2026/09/22 11:44:29 Pythonプロセスを開始します（board=rock5a）。
2026/09/22 11:44:29 Pythonプロセスが正常に開始されました。
2026/09/22 11:44:29 API Server listening on :9191
/usr/bin/python3: No module named camera
2026/09/22 11:44:30 [TRAJ] t= 0.70s err=(   -4,   +5) mm cmd=(  +52, +184) mm/s age=  7 ms
2026/09/22 11:44:31 [TRAJ] t= 1.70s err=(   +1,   -1) mm cmd=(  -19,  -76) mm/s age=  1 ms
DIP1: 1
DIP2: 1
DIP3: 1
DIP4: 1
HEX: 15
2026/09/22 11:44:32 [TRAJ] t= 2.70s err=(   -4,   -6) mm cmd=(  -30, -181) mm/s age=  4 ms
2026/09/22 11:44:33 [TRAJ] t= 3.75s err=(   +2,   +4) mm cmd=(   -5,  -11) mm/s age=  5 ms
2026/09/22 11:44:34 Emergency stop activated (InfoEmgStop: 0 -> 1)
=== trajpoc result: method=ffp_vlead interp=hermite Kp=3.00 Kth=4.00 lead=85ms ===
end: done (trajectory finished)
vision frames 478, held cycles 0, vision age median 4 ms
position error     RMS    8.9 mm   max   20.1 mm
contour error      RMS    4.4 mm   max   10.4 mm   (distance to the path, time ignored)
along-track mean     +0.5 mm   lag 5 ms   (negative mean = behind the reference)
cross-track        RMS    4.9 mm
heading error      RMS   1.00 deg  max   3.70 deg
final (arrival)       3.2 mm    0.15 deg
command accel RMS    0.57 m/s^2  (how jerky the command was)
after the end      heading swing ±1.48 deg, max translation command 32 mm/s  (near-goal=false)
csv: trajpoc-20260922-114434-ffp_vlead-hermite.csv
2026/09/22 11:44:34 既存のPythonプロセスを停止します。
