racoon-56011

2026/09/22 11:28:43 Build version: v0.0.0-20260922112805-01b48973c9ea
2026/09/22 11:28:43 RACOON-Pi3 version: v0.0.0-20260922112805-01b48973c9ea
2026/09/22 11:28:43 Exporting PWM...
2026/09/22 11:28:43 Buzzer PWM initialized: /sys/class/pwm/pwmchip1/pwm0
DIP1: 1
DIP2: 1
DIP3: 1
DIP4: 1
GOT ID FROM DIP SW: 15
2026/09/22 11:28:43 Local MAC for AI receive: 20:bd:1d:d7:3f:f2 (wlan0)
2026/09/22 11:28:43 Local IP for AI receive: 172.15.0.34 (wlan0)
2026/09/22 11:28:43 [TRAJ] reading the trajectory from stdin (JSON lines, then "END") ...
2026/09/22 11:28:43 [TRAJ] 215 points, 3.40 s, max radius 0.30 m, max speed 0.20 m/s, max yaw rate 0.00 rad/s
2026/09/22 11:28:43 [TRAJ] waiting for vision of blue 12 ...
2026/09/22 11:28:43 [VISION] Listening on 224.5.23.2:10006 (team=blue id=12)
2026/09/22 11:28:43 SPI recv frame mismatch: no valid frame in 40-byte window
2026/09/22 11:28:43 [TRAJ] *** RUNNING: method=ffp_vlead interp=hermite from (-392, -833) mm, 76.9 deg. Ctrl+C to stop ***
2026/09/22 11:28:43 SPI recv frame recovered
2026/09/22 11:28:43 Emergency stop released (InfoEmgStop: 1 -> 0)
2026/09/22 11:28:44 Pythonプロセスを開始します（board=rock5a）。
2026/09/22 11:28:44 Pythonプロセスが正常に開始されました。
2026/09/22 11:28:44 API Server listening on :9191
/usr/bin/python3: No module named camera
2026/09/22 11:28:44 [TRAJ] t= 0.70s err=(   -8,   +5) mm cmd=(  +69, +183) mm/s age=  7 ms
2026/09/22 11:28:45 [TRAJ] t= 1.70s err=(   -6,   +1) mm cmd=(   -1,  -87) mm/s age=  0 ms
DIP1: 1
DIP2: 1
DIP3: 1
DIP4: 1
HEX: 15
2026/09/22 11:28:46 SPI recv frame mismatch: no valid frame in 40-byte window
2026/09/22 11:28:46 SPI recv frame recovered
2026/09/22 11:28:46 [TRAJ] t= 2.75s err=(  -10,   -4) mm cmd=(  -16, -183) mm/s age=  0 ms
2026/09/22 11:28:47 [TRAJ] t= 3.80s err=(   -1,   +3) mm cmd=(   +3,   -8) mm/s age=  1 ms
2026/09/22 11:28:48 Emergency stop activated (InfoEmgStop: 0 -> 1)
=== trajpoc result: method=ffp_vlead interp=hermite Kp=3.00 Kth=4.00 lead=85ms ===
end: done (trajectory finished)
vision frames 469, held cycles 0, vision age median 3 ms
position error     RMS    9.4 mm   max   18.5 mm
contour error      RMS    6.2 mm   max   14.0 mm   (distance to the path, time ignored)
along-track mean     +0.9 mm   lag 4 ms   (negative mean = behind the reference)
cross-track        RMS    6.9 mm
heading error      RMS   1.45 deg  max   4.90 deg
final (arrival)       2.9 mm    0.21 deg
command accel RMS    0.57 m/s^2  (how jerky the command was)
after the end      heading swing ±1.19 deg, max translation command 36 mm/s  (near-goal=false)
csv: trajpoc-20260922-112848-ffp_vlead-hermite.csv
2026/09/22 11:28:48 既存のPythonプロセスを停止します。
