racoon-56011

2026/09/22 11:28:49 Build version: v0.0.0-20260922112805-01b48973c9ea
2026/09/22 11:28:49 RACOON-Pi3 version: v0.0.0-20260922112805-01b48973c9ea
2026/09/22 11:28:49 Exporting PWM...
2026/09/22 11:28:49 Buzzer PWM initialized: /sys/class/pwm/pwmchip1/pwm0
DIP1: 1
DIP2: 1
DIP3: 1
DIP4: 1
GOT ID FROM DIP SW: 15
2026/09/22 11:28:49 Local MAC for AI receive: 20:bd:1d:d7:3f:f2 (wlan0)
2026/09/22 11:28:49 Local IP for AI receive: 172.15.0.34 (wlan0)
2026/09/22 11:28:49 [TRAJ] reading the trajectory from stdin (JSON lines, then "END") ...
2026/09/22 11:28:49 [TRAJ] 215 points, 3.40 s, max radius 0.30 m, max speed 0.20 m/s, max yaw rate 0.00 rad/s
2026/09/22 11:28:49 [TRAJ] waiting for vision of blue 12 ...
2026/09/22 11:28:49 [VISION] Listening on 224.5.23.2:10006 (team=blue id=12)
2026/09/22 11:28:49 [TRAJ] *** RUNNING: method=ffp_vlead interp=hermite from (-392, -829) mm, 77.5 deg. Ctrl+C to stop ***
2026/09/22 11:28:49 Emergency stop released (InfoEmgStop: 1 -> 0)
2026/09/22 11:28:50 Pythonプロセスを開始します（board=rock5a）。
2026/09/22 11:28:50 Pythonプロセスが正常に開始されました。
2026/09/22 11:28:50 API Server listening on :9191
/usr/bin/python3: No module named camera
2026/09/22 11:28:50 [TRAJ] t= 0.70s err=(   -7,   +3) mm cmd=(  +66, +189) mm/s age=  7 ms
2026/09/22 11:28:51 [TRAJ] t= 1.75s err=(   -3,   -1) mm cmd=(  -21, -128) mm/s age=  6 ms
DIP1: 1
DIP2: 1
DIP3: 1
DIP4: 1
HEX: 15
2026/09/22 11:28:52 [TRAJ] t= 2.75s err=(   -5,   -6) mm cmd=(  -29, -179) mm/s age=  2 ms
2026/09/22 11:28:53 [TRAJ] t= 3.80s err=(   -4,   -0) mm cmd=(   +0,   +0) mm/s age=  1 ms
2026/09/22 11:28:54 Emergency stop activated (InfoEmgStop: 0 -> 1)
=== trajpoc result: method=ffp_vlead interp=hermite Kp=3.00 Kth=4.00 lead=85ms ===
end: done (trajectory finished)
vision frames 471, held cycles 0, vision age median 4 ms
position error     RMS    9.2 mm   max   19.6 mm
contour error      RMS    5.5 mm   max   12.9 mm   (distance to the path, time ignored)
along-track mean     +0.9 mm   lag 3 ms   (negative mean = behind the reference)
cross-track        RMS    6.1 mm
heading error      RMS   1.27 deg  max   4.02 deg
final (arrival)       2.5 mm    0.53 deg
command accel RMS    0.70 m/s^2  (how jerky the command was)
after the end      heading swing ±0.89 deg, max translation command 152 mm/s  (near-goal=true)
csv: trajpoc-20260922-112854-ffp_vlead-hermite.csv
2026/09/22 11:28:54 既存のPythonプロセスを停止します。
