racoon-56011

2026/09/22 14:36:17 Build version: v0.0.0-20260922133144-ad1ba98bd7d9
2026/09/22 14:36:17 RACOON-Pi3 version: v0.0.0-20260922133144-ad1ba98bd7d9
2026/09/22 14:36:17 Exporting PWM...
2026/09/22 14:36:18 Buzzer PWM initialized: /sys/class/pwm/pwmchip1/pwm0
DIP1: 1
DIP2: 1
DIP3: 1
DIP4: 1
GOT ID FROM DIP SW: 15
2026/09/22 14:36:18 Local MAC for AI receive: 20:bd:1d:d7:3f:f2 (wlan0)
2026/09/22 14:36:18 Local IP for AI receive: 172.15.0.38 (wlan0)
2026/09/22 14:36:18 [TRAJ] reading the trajectory from stdin (JSON lines, then "END") ...
2026/09/22 14:36:18 [TRAJ] 616 points, 9.82 s, max radius 0.60 m, max speed 0.40 m/s, max yaw rate 0.00 rad/s
2026/09/22 14:36:18 [TRAJ] waiting for vision of blue 15 ...
2026/09/22 14:36:18 [VISION] Listening on 224.5.23.2:10006 (team=blue id=15)
2026/09/22 14:36:18 [TRAJ] STM ok, battery 24.0 V
2026/09/22 14:36:18 [TRAJ] *** RUNNING: method=ffp_vlead interp=hermite from (-497, 591) mm, -118.4 deg. Ctrl+C to stop ***
2026/09/22 14:36:18 Emergency stop released (InfoEmgStop: 1 -> 0)
2026/09/22 14:36:18 Pythonプロセスを開始します（board=rock5a）。
2026/09/22 14:36:18 Pythonプロセスが正常に開始されました。
2026/09/22 14:36:18 API Server listening on :9191
/usr/bin/python3: No module named camera
2026/09/22 14:36:19 [TRAJ] t= 0.70s err=(  -16,  -20) mm cmd=( +169, -417) mm/s age= 79 ms
2026/09/22 14:36:20 [TRAJ] t= 1.75s err=(  +19,   -6) mm cmd=( +447,  +49) mm/s age=  3 ms
DIP1: 1
DIP2: 1
DIP3: 1
DIP4: 1
HEX: 15
2026/09/22 14:36:20 SPI recv frame mismatch: no valid frame in 40-byte window
2026/09/22 14:36:20 SPI recv frame recovered
2026/09/22 14:36:21 [TRAJ] t= 2.75s err=(  +38,   -3) mm cmd=(  -36, +493) mm/s age= 76 ms
2026/09/22 14:36:22 [TRAJ] t= 3.79s err=(   -5,  +22) mm cmd=( -441,  +84) mm/s age=  0 ms
2026/09/22 14:36:23 [TRAJ] t= 4.79s err=(  -23,   +2) mm cmd=( -197, -419) mm/s age= 77 ms
2026/09/22 14:36:24 [TRAJ] t= 5.85s err=(  -31,  -13) mm cmd=( -431, +167) mm/s age=  7 ms
2026/09/22 14:36:25 [TRAJ] t= 6.85s err=(  -21,  +28) mm cmd=(  +72, +421) mm/s age= 88 ms
2026/09/22 14:36:26 [TRAJ] t= 7.90s err=(  +13,  +24) mm cmd=( +469,   +9) mm/s age=  7 ms
2026/09/22 14:36:27 [TRAJ] t= 8.90s err=(  +24,  -16) mm cmd=( +120, -416) mm/s age= 87 ms
2026/09/22 14:36:28 [TRAJ] t= 9.95s err=(   -5,   -4) mm cmd=(  +28,  +32) mm/s age= 20 ms
2026/09/22 14:36:29 Emergency stop activated (InfoEmgStop: 0 -> 1)
=== trajpoc result: method=ffp_vlead interp=hermite Kp=3.00 Kth=4.00 lead=85ms ===
end: done (trajectory finished)
vision frames 105, held cycles 0, vision age median 4 ms
position error     RMS   28.4 mm   max   48.4 mm
contour error      RMS   16.8 mm   max   41.3 mm   (distance to the path, time ignored)
along-track mean    +19.9 mm   lag -50 ms   (negative mean = behind the reference)
cross-track        RMS   17.6 mm
heading error      RMS   2.17 deg  max   6.44 deg
final (arrival)       1.2 mm    0.83 deg
command accel RMS    1.50 m/s^2  (how jerky the command was)
after the end      heading swing ±1.92 deg, max translation command 78 mm/s  (near-goal=false)
csv: trajpoc-20260922-143629-ffp_vlead-hermite.csv
2026/09/22 14:36:29 既存のPythonプロセスを停止します。
