racoon-56011

2026/09/22 11:16:28 Build version: v0.0.0-20260922111538-5cff7fcb8b18
2026/09/22 11:16:28 RACOON-Pi3 version: v0.0.0-20260922111538-5cff7fcb8b18
2026/09/22 11:16:28 Exporting PWM...
2026/09/22 11:16:28 Buzzer PWM initialized: /sys/class/pwm/pwmchip1/pwm0
DIP1: 1
DIP2: 1
DIP3: 1
DIP4: 1
GOT ID FROM DIP SW: 15
2026/09/22 11:16:28 Local MAC for AI receive: 20:bd:1d:d7:3f:f2 (wlan0)
2026/09/22 11:16:28 Local IP for AI receive: 172.15.0.34 (wlan0)
2026/09/22 11:16:28 [TRAJ] reading the trajectory from stdin (JSON lines, then "END") ...
2026/09/22 11:16:28 [TRAJ] 215 points, 3.40 s, max radius 0.30 m, max speed 0.20 m/s, max yaw rate 0.00 rad/s
2026/09/22 11:16:28 [TRAJ] waiting for vision of blue 12 ...
2026/09/22 11:16:28 [VISION] Listening on 224.5.23.2:10006 (team=blue id=12)
2026/09/22 11:16:28 SPI recv frame mismatch: no valid frame in 40-byte window
2026/09/22 11:16:28 [TRAJ] *** RUNNING: method=ffp_vlead interp=hermite from (-387, -833) mm, 76.8 deg. Ctrl+C to stop ***
2026/09/22 11:16:28 Emergency stop released (InfoEmgStop: 1 -> 0)
2026/09/22 11:16:28 SPI recv frame recovered
2026/09/22 11:16:29 SPI recv frame mismatch: no valid frame in 40-byte window
2026/09/22 11:16:29 SPI recv frame recovered
2026/09/22 11:16:29 Pythonプロセスを開始します（board=rock5a）。
2026/09/22 11:16:29 Pythonプロセスが正常に開始されました。
2026/09/22 11:16:29 API Server listening on :9191
/usr/bin/python3: No module named camera
2026/09/22 11:16:29 [TRAJ] t= 0.70s err=(   -3,  +15) mm cmd=(  +57, +155) mm/s age=  6 ms
2026/09/22 11:16:30 [TRAJ] t= 1.70s err=(   -8,   -3) mm cmd=(   +5,  -72) mm/s age= 10 ms
2026/09/22 11:16:31 [TRAJ] t= 2.70s err=(   -7,   +4) mm cmd=(  -26, -208) mm/s age=  5 ms
DIP1: 1
DIP2: 1
DIP3: 1
DIP4: 1
HEX: 15
2026/09/22 11:16:32 [TRAJ] t= 3.75s err=(   +1,   +6) mm cmd=(   -4,  -17) mm/s age=  5 ms
2026/09/22 11:16:33 Emergency stop activated (InfoEmgStop: 0 -> 1)
=== trajpoc result: method=ffp_vlead interp=hermite Kp=3.00 Kth=0.00 lead=85ms ===
end: done (trajectory finished)
vision frames 400, held cycles 0, vision age median 3 ms
position error     RMS    9.9 mm   max   34.6 mm
contour error      RMS    4.8 mm   max   12.8 mm   (distance to the path, time ignored)
along-track mean     +2.8 mm   lag -5 ms   (negative mean = behind the reference)
cross-track        RMS    5.3 mm
heading error      RMS   1.99 deg  max   7.55 deg
final (arrival)       4.3 mm    0.41 deg
command accel RMS    0.59 m/s^2  (how jerky the command was)
csv: trajpoc-20260922-111633-ffp_vlead-hermite.csv
2026/09/22 11:16:33 既存のPythonプロセスを停止します。
