racoon-56011

2026/09/22 10:13:24 Build version: v0.0.0-20260922100022-aa62de46c083
2026/09/22 10:13:24 RACOON-Pi3 version: v0.0.0-20260922100022-aa62de46c083
2026/09/22 10:13:24 Exporting PWM...
2026/09/22 10:13:24 Buzzer PWM initialized: /sys/class/pwm/pwmchip1/pwm0
DIP1: 1
DIP2: 1
DIP3: 1
DIP4: 1
GOT ID FROM DIP SW: 15
2026/09/22 10:13:24 Local MAC for AI receive: 20:bd:1d:d7:3f:f2 (wlan0)
2026/09/22 10:13:24 Local IP for AI receive: 172.15.0.34 (wlan0)
2026/09/22 10:13:24 [TRAJ] reading the trajectory from stdin (JSON lines, then "END") ...
2026/09/22 10:13:24 [TRAJ] 291 points, 4.64 s, max radius 0.60 m, max speed 0.45 m/s, max yaw rate 0.00 rad/s
2026/09/22 10:13:24 [TRAJ] waiting for vision of blue 12 ...
2026/09/22 10:13:24 [VISION] Listening on 224.5.23.2:10006 (team=blue id=12)
2026/09/22 10:13:24 SPI recv frame mismatch: no valid frame in 40-byte window
2026/09/22 10:13:24 SPI recv frame recovered
2026/09/22 10:13:24 [TRAJ] *** RUNNING: method=ffp interp=hermite from (-207, -1174) mm, 85.9 deg. Ctrl+C to stop ***
2026/09/22 10:13:24 Emergency stop released (InfoEmgStop: 1 -> 0)
2026/09/22 10:13:24 Pythonプロセスを開始します（board=rock5a）。
2026/09/22 10:13:24 Pythonプロセスが正常に開始されました。
2026/09/22 10:13:24 API Server listening on :9191
/usr/bin/python3: No module named camera
2026/09/22 10:13:25 [TRAJ] t= 0.69s err=(  +39,   -1) mm cmd=( -361, +346) mm/s age=  0 ms
2026/09/22 10:13:26 [TRAJ] t= 1.70s err=(   -5,  +12) mm cmd=( -367, -281) mm/s age=  2 ms
DIP1: 1
DIP2: 1
DIP3: 1
DIP4: 1
HEX: 15
2026/09/22 10:13:27 [TRAJ] t= 2.75s err=(  -22,   +2) mm cmd=( +313, -388) mm/s age=  3 ms
2026/09/22 10:13:28 [TRAJ] t= 3.80s err=(   +8,   -7) mm cmd=( +357, +268) mm/s age=  4 ms
2026/09/22 10:13:29 [TRAJ] t= 4.80s err=(   +2,   -1) mm cmd=(   -6,   +2) mm/s age= 17 ms
2026/09/22 10:13:30 Emergency stop activated (InfoEmgStop: 0 -> 1)
=== trajpoc result: method=ffp interp=hermite Kp=3.00 Kth=4.00 lead=30ms ===
end: done (trajectory finished)
vision frames 535, held cycles 0, vision age median 4 ms
position error     RMS   20.3 mm   max   39.6 mm
contour error      RMS   16.7 mm   max   37.6 mm   (distance to the path, time ignored)
along-track mean     -4.0 mm   lag 4 ms   (negative mean = behind the reference)
cross-track        RMS   18.0 mm
heading error      RMS   1.90 deg  max   5.38 deg
final (arrival)       0.6 mm    0.18 deg
command accel RMS    1.04 m/s^2  (how jerky the command was)
2026/09/22 10:13:30 既存のPythonプロセスを停止します。
2026/09/22 10:13:30 SPI recv frame mismatch: no valid frame in 40-byte window
2026/09/22 10:13:30 SPI recv frame recovered
