racoon-56011

2026/09/22 10:03:36 Build version: v0.0.0-20260922100022-aa62de46c083
2026/09/22 10:03:36 RACOON-Pi3 version: v0.0.0-20260922100022-aa62de46c083
2026/09/22 10:03:36 Exporting PWM...
2026/09/22 10:03:36 Buzzer PWM initialized: /sys/class/pwm/pwmchip1/pwm0
DIP1: 1
DIP2: 1
DIP3: 1
DIP4: 1
GOT ID FROM DIP SW: 15
2026/09/22 10:03:36 Local MAC for AI receive: 20:bd:1d:d7:3f:f2 (wlan0)
2026/09/22 10:03:36 Local IP for AI receive: 172.15.0.34 (wlan0)
2026/09/22 10:03:36 [TRAJ] reading the trajectory from stdin (JSON lines, then "END") ...
2026/09/22 10:03:36 [TRAJ] 215 points, 3.40 s, max radius 0.30 m, max speed 0.20 m/s, max yaw rate 0.00 rad/s
2026/09/22 10:03:36 [TRAJ] waiting for vision of blue 12 ...
2026/09/22 10:03:36 [VISION] Listening on 224.5.23.2:10006 (team=blue id=12)
2026/09/22 10:03:36 SPI recv frame mismatch: no valid frame in 40-byte window
2026/09/22 10:03:36 SPI recv frame recovered
2026/09/22 10:03:36 [TRAJ] *** RUNNING: method=ffp interp=hermite from (-973, -1510) mm, 88.2 deg. Ctrl+C to stop ***
2026/09/22 10:03:36 Emergency stop released (InfoEmgStop: 1 -> 0)
2026/09/22 10:03:37 Pythonプロセスを開始します（board=rock5a）。
2026/09/22 10:03:37 Pythonプロセスが正常に開始されました。
2026/09/22 10:03:37 API Server listening on :9191
/usr/bin/python3: No module named camera
2026/09/22 10:03:37 SPI recv frame mismatch: no valid frame in 40-byte window
2026/09/22 10:03:37 SPI recv frame recovered
2026/09/22 10:03:37 [TRAJ] t= 0.70s err=(   +4,  +21) mm cmd=(   -4, +139) mm/s age=  4 ms
2026/09/22 10:03:38 [TRAJ] t= 1.74s err=(   +2,  +13) mm cmd=(   -7,  -81) mm/s age=  4 ms
2026/09/22 10:03:39 [TRAJ] t= 2.74s err=(   -3,   -6) mm cmd=(   +3, -185) mm/s age=  4 ms
DIP1: 1
DIP2: 1
DIP3: 1
DIP4: 1
HEX: 15
2026/09/22 10:03:40 [TRAJ] t= 3.74s err=(   -2,  +11) mm cmd=(   +7,  -33) mm/s age=  1 ms
2026/09/22 10:03:41 Emergency stop activated (InfoEmgStop: 0 -> 1)
=== trajpoc result: method=ffp interp=hermite Kp=3.00 Kth=4.00 lead=30ms ===
end: done (trajectory finished)
vision frames 485, held cycles 0, vision age median 4 ms
position error     RMS   12.4 mm   max   23.8 mm
contour error      RMS    8.1 mm   max   23.4 mm   (distance to the path, time ignored)
along-track mean     -2.0 mm   lag 17 ms   (negative mean = behind the reference)
cross-track        RMS    7.3 mm
heading error      RMS   2.45 deg  max   7.09 deg
final (arrival)       0.2 mm    0.07 deg
command accel RMS    0.68 m/s^2  (how jerky the command was)
csv: trajpoc-20260922-100341-ffp-hermite.csv
2026/09/22 10:03:41 既存のPythonプロセスを停止します。
