racoon-56011

2026/09/22 10:59:09 Build version: v0.0.0-20260922105638-662c0f9ea335
2026/09/22 10:59:09 RACOON-Pi3 version: v0.0.0-20260922105638-662c0f9ea335
2026/09/22 10:59:09 Exporting PWM...
2026/09/22 10:59:09 Buzzer PWM initialized: /sys/class/pwm/pwmchip1/pwm0
DIP1: 1
DIP2: 1
DIP3: 1
DIP4: 1
GOT ID FROM DIP SW: 15
2026/09/22 10:59:09 Local MAC for AI receive: 20:bd:1d:d7:3f:f2 (wlan0)
2026/09/22 10:59:09 Local IP for AI receive: 172.15.0.34 (wlan0)
2026/09/22 10:59:09 [TRAJ] reading the trajectory from stdin (JSON lines, then "END") ...
2026/09/22 10:59:09 [TRAJ] 321 points, 5.11 s, max radius 0.60 m, max speed 0.40 m/s, max yaw rate 0.00 rad/s
2026/09/22 10:59:09 [TRAJ] waiting for vision of blue 12 ...
2026/09/22 10:59:09 [VISION] Listening on 224.5.23.2:10006 (team=blue id=12)
2026/09/22 10:59:09 SPI recv frame mismatch: no valid frame in 40-byte window
2026/09/22 10:59:09 SPI recv frame recovered
2026/09/22 10:59:09 [TRAJ] *** RUNNING: method=ffp_vlead interp=hermite from (-486, -1228) mm, 98.3 deg. Ctrl+C to stop ***
2026/09/22 10:59:09 Emergency stop released (InfoEmgStop: 1 -> 0)
2026/09/22 10:59:09 Pythonプロセスを開始します（board=rock5a）。
2026/09/22 10:59:10 Pythonプロセスが正常に開始されました。
2026/09/22 10:59:10 API Server listening on :9191
/usr/bin/python3: No module named camera
2026/09/22 10:59:10 SPI recv frame mismatch: no valid frame in 40-byte window
2026/09/22 10:59:10 SPI recv frame recovered
2026/09/22 10:59:10 [TRAJ] t= 0.70s err=(  -12,  +18) mm cmd=( -300, +179) mm/s age=  7 ms
2026/09/22 10:59:11 [TRAJ] t= 1.70s err=(   -7,  -24) mm cmd=( -282, -197) mm/s age=  4 ms
2026/09/22 10:59:12 [TRAJ] t= 2.70s err=(   -4,   -0) mm cmd=( +204, -359) mm/s age=  7 ms
DIP1: 1
DIP2: 1
DIP3: 1
DIP4: 1
HEX: 15
2026/09/22 10:59:13 [TRAJ] t= 3.75s err=(   +1,   +6) mm cmd=( +386, +108) mm/s age=  6 ms
2026/09/22 10:59:14 [TRAJ] t= 4.75s err=(   +4,   +4) mm cmd=(  -22, +244) mm/s age=  4 ms
2026/09/22 10:59:15 [TRAJ] t= 5.75s err=(   -3,   -2) mm cmd=(   +8,   +6) mm/s age=  7 ms
2026/09/22 10:59:15 Emergency stop activated (InfoEmgStop: 0 -> 1)
=== trajpoc result: method=ffp_vlead interp=hermite Kp=3.00 Kth=4.00 lead=120ms ===
end: done (trajectory finished)
vision frames 572, held cycles 0, vision age median 4 ms
position error     RMS   14.1 mm   max   26.6 mm
contour error      RMS    9.2 mm   max   20.0 mm   (distance to the path, time ignored)
along-track mean     +5.8 mm   lag -10 ms   (negative mean = behind the reference)
cross-track        RMS   10.1 mm
heading error      RMS   1.58 deg  max   4.42 deg
final (arrival)       3.3 mm    1.22 deg
command accel RMS    0.92 m/s^2  (how jerky the command was)
csv: trajpoc-20260922-105915-ffp_vlead-hermite.csv
2026/09/22 10:59:15 既存のPythonプロセスを停止します。
