racoon-56011

2026/09/22 10:10:30 Build version: v0.0.0-20260922100022-aa62de46c083
2026/09/22 10:10:30 RACOON-Pi3 version: v0.0.0-20260922100022-aa62de46c083
2026/09/22 10:10:30 Exporting PWM...
2026/09/22 10:10:30 Buzzer PWM initialized: /sys/class/pwm/pwmchip1/pwm0
DIP1: 1
DIP2: 1
DIP3: 1
DIP4: 1
GOT ID FROM DIP SW: 15
2026/09/22 10:10:30 Local MAC for AI receive: 20:bd:1d:d7:3f:f2 (wlan0)
2026/09/22 10:10:30 Local IP for AI receive: 172.15.0.34 (wlan0)
2026/09/22 10:10:30 [TRAJ] reading the trajectory from stdin (JSON lines, then "END") ...
2026/09/22 10:10:30 [TRAJ] 291 points, 4.64 s, max radius 0.60 m, max speed 0.45 m/s, max yaw rate 0.00 rad/s
2026/09/22 10:10:30 [TRAJ] waiting for vision of blue 12 ...
2026/09/22 10:10:30 [VISION] Listening on 224.5.23.2:10006 (team=blue id=12)
2026/09/22 10:10:30 SPI recv frame mismatch: no valid frame in 40-byte window
2026/09/22 10:10:30 SPI recv frame recovered
2026/09/22 10:10:30 [TRAJ] *** RUNNING: method=ffp interp=hermite from (149, -870) mm, 95.3 deg. Ctrl+C to stop ***
2026/09/22 10:10:30 Emergency stop released (InfoEmgStop: 1 -> 0)
2026/09/22 10:10:30 Pythonプロセスを開始します（board=rock5a）。
2026/09/22 10:10:30 Pythonプロセスが正常に開始されました。
2026/09/22 10:10:30 API Server listening on :9191
/usr/bin/python3: No module named camera
2026/09/22 10:10:31 [TRAJ] t= 0.70s err=(  +42,   +1) mm cmd=( -411, +285) mm/s age=  8 ms
2026/09/22 10:10:32 [TRAJ] t= 1.70s err=(   -4,  +11) mm cmd=( -325, -336) mm/s age=  3 ms
DIP1: 1
DIP2: 1
DIP3: 1
DIP4: 1
HEX: 15
2026/09/22 10:10:33 [TRAJ] t= 2.70s err=(  -11,   -4) mm cmd=( +316, -352) mm/s age=  8 ms
2026/09/22 10:10:34 [TRAJ] t= 3.75s err=(   -1,   -3) mm cmd=( +364, +289) mm/s age=  6 ms
2026/09/22 10:10:35 [TRAJ] t= 4.79s err=(   -3,   -4) mm cmd=(  +10,  +13) mm/s age=  7 ms
2026/09/22 10:10:36 Emergency stop activated (InfoEmgStop: 0 -> 1)
=== trajpoc result: method=ffp interp=hermite Kp=3.00 Kth=4.00 lead=30ms ===
end: done (trajectory finished)
vision frames 619, held cycles 0, vision age median 4 ms
position error     RMS   20.3 mm   max   45.5 mm
contour error      RMS   15.4 mm   max   33.3 mm   (distance to the path, time ignored)
along-track mean     -9.0 mm   lag 19 ms   (negative mean = behind the reference)
cross-track        RMS   16.4 mm
heading error      RMS   1.60 deg  max   5.53 deg
final (arrival)       1.4 mm    0.16 deg
command accel RMS    0.89 m/s^2  (how jerky the command was)
csv: trajpoc-20260922-101036-ffp-hermite.csv
2026/09/22 10:10:36 既存のPythonプロセスを停止します。
