racoon-56011

2026/09/22 12:54:04 Build version: v0.0.0-20260922114418-3d3b5ed92b4d
2026/09/22 12:54:04 RACOON-Pi3 version: v0.0.0-20260922114418-3d3b5ed92b4d
2026/09/22 12:54:04 Buzzer PWM initialized: /sys/class/pwm/pwmchip1/pwm0
DIP1: 1
DIP2: 1
DIP3: 1
DIP4: 1
GOT ID FROM DIP SW: 15
2026/09/22 12:54:04 Local MAC for AI receive: 20:bd:1d:d7:3f:f2 (wlan0)
2026/09/22 12:54:04 Local IP for AI receive: 172.15.0.35 (wlan0)
2026/09/22 12:54:04 [TRAJ] reading the trajectory from stdin (JSON lines, then "END") ...
2026/09/22 12:54:04 [TRAJ] 321 points, 5.11 s, max radius 0.60 m, max speed 0.40 m/s, max yaw rate 0.00 rad/s
2026/09/22 12:54:04 [VISION] Listening on 224.5.23.2:10006 (team=blue id=12)
2026/09/22 12:54:04 [TRAJ] waiting for vision of blue 12 ...
2026/09/22 12:54:04 [TRAJ] *** RUNNING: method=ffp_vlead interp=hermite from (12, -1793) mm, 150.4 deg. Ctrl+C to stop ***
2026/09/22 12:54:04 Emergency stop released (InfoEmgStop: 1 -> 0)
2026/09/22 12:54:05 Pythonプロセスを開始します（board=rock5a）。
2026/09/22 12:54:05 Pythonプロセスが正常に開始されました。
2026/09/22 12:54:05 API Server listening on :9191
/usr/bin/python3: No module named camera
2026/09/22 12:54:05 [TRAJ] t= 0.70s err=( +190,  -37) mm cmd=( -500,   +2) mm/s age=  7 ms
2026/09/22 12:54:06 [TRAJ] t= 1.70s err=( +447, +234) mm cmd=( -385, -319) mm/s age=  1 ms
DIP1: 1
DIP2: 1
DIP3: 1
DIP4: 1
HEX: 15
2026/09/22 12:54:07 [TRAJ] t= 2.75s err=( +226, +550) mm cmd=(  -81, -493) mm/s age=  1 ms
2026/09/22 12:54:08 [TRAJ] t= 3.80s err=( -122, +390) mm cmd=( +269, -421) mm/s age= 10 ms
2026/09/22 12:54:09 [TRAJ] t= 4.80s err=(  -43,  +29) mm cmd=(  -67,  +48) mm/s age=  6 ms
2026/09/22 12:54:10 [TRAJ] t= 5.80s err=(   +0,   -1) mm cmd=(   -0,   +2) mm/s age=  9 ms
2026/09/22 12:54:11 Emergency stop activated (InfoEmgStop: 0 -> 1)
=== trajpoc result: method=ffp_vlead interp=hermite Kp=3.00 Kth=4.00 lead=85ms ===
end: done (trajectory finished)
vision frames 668, held cycles 0, vision age median 4 ms
position error     RMS  377.0 mm   max  599.9 mm
contour error      RMS    0.5 mm   max    1.1 mm   (distance to the path, time ignored)
along-track mean     +1.6 mm   lag 9 ms   (negative mean = behind the reference)
cross-track        RMS  354.5 mm
heading error      RMS   0.35 deg  max   1.16 deg
final (arrival)       0.6 mm    0.41 deg
command accel RMS    0.58 m/s^2  (how jerky the command was)
after the end      heading swing ±0.54 deg, max translation command 4 mm/s  (near-goal=false)
csv: trajpoc-20260922-125411-ffp_vlead-hermite.csv
2026/09/22 12:54:11 既存のPythonプロセスを停止します。
