racoon-56011

2026/09/22 14:36:03 Build version: v0.0.0-20260922133144-ad1ba98bd7d9
2026/09/22 14:36:03 RACOON-Pi3 version: v0.0.0-20260922133144-ad1ba98bd7d9
2026/09/22 14:36:03 Buzzer PWM initialized: /sys/class/pwm/pwmchip1/pwm0
DIP1: 1
DIP2: 1
DIP3: 1
DIP4: 1
GOT ID FROM DIP SW: 15
2026/09/22 14:36:03 Local MAC for AI receive: 20:bd:1d:d7:3f:f2 (wlan0)
2026/09/22 14:36:03 Local IP for AI receive: 172.15.0.38 (wlan0)
2026/09/22 14:36:03 [TRAJ] reading the trajectory from stdin (JSON lines, then "END") ...
2026/09/22 14:36:03 [TRAJ] 215 points, 3.40 s, max radius 0.30 m, max speed 0.20 m/s, max yaw rate 0.00 rad/s
2026/09/22 14:36:03 [TRAJ] waiting for vision of blue 15 ...
2026/09/22 14:36:03 [VISION] Listening on 224.5.23.2:10006 (team=blue id=15)
2026/09/22 14:36:03 SPI recv frame mismatch: no valid frame in 40-byte window
2026/09/22 14:36:03 SPI recv frame recovered
2026/09/22 14:36:03 [TRAJ] STM ok, battery 24.0 V
2026/09/22 14:36:03 [TRAJ] *** RUNNING: method=ffp_vlead interp=hermite from (-500, 590) mm, -118.3 deg. Ctrl+C to stop ***
2026/09/22 14:36:03 Emergency stop released (InfoEmgStop: 1 -> 0)
2026/09/22 14:36:04 Pythonプロセスを開始します（board=rock5a）。
2026/09/22 14:36:04 Pythonプロセスが正常に開始されました。
2026/09/22 14:36:04 API Server listening on :9191
/usr/bin/python3: No module named camera
2026/09/22 14:36:04 [TRAJ] t= 0.70s err=(  -12,  -19) mm cmd=(  -80, -158) mm/s age= 74 ms
2026/09/22 14:36:05 [TRAJ] t= 1.74s err=(   +1,  -11) mm cmd=(  +57, +147) mm/s age= 99 ms
DIP1: 1
DIP2: 1
DIP3: 1
DIP4: 1
HEX: 15
2026/09/22 14:36:06 [TRAJ] t= 2.74s err=(   -5,  +11) mm cmd=( +129, +181) mm/s age= 73 ms
2026/09/22 14:36:07 [TRAJ] t= 3.74s err=(  -13,   -5) mm cmd=(  +39,  +14) mm/s age= 47 ms
2026/09/22 14:36:08 Emergency stop activated (InfoEmgStop: 0 -> 1)
=== trajpoc result: method=ffp_vlead interp=hermite Kp=3.00 Kth=4.00 lead=85ms ===
end: done (trajectory finished)
vision frames 41, held cycles 0, vision age median 2 ms
position error     RMS   12.1 mm   max   22.6 mm
contour error      RMS    7.4 mm   max   16.0 mm   (distance to the path, time ignored)
along-track mean     +7.0 mm   lag -38 ms   (negative mean = behind the reference)
cross-track        RMS    6.8 mm
heading error      RMS   0.84 deg  max   2.00 deg
final (arrival)       3.8 mm    0.24 deg
command accel RMS    1.02 m/s^2  (how jerky the command was)
after the end      heading swing ±1.09 deg, max translation command 41 mm/s  (near-goal=false)
csv: trajpoc-20260922-143608-ffp_vlead-hermite.csv
2026/09/22 14:36:08 既存のPythonプロセスを停止します。
2026/09/22 14:36:08 SPI recv frame mismatch: no valid frame in 40-byte window
2026/09/22 14:36:08 SPI recv frame recovered
