racoon-56011

2026/09/22 10:10:18 Build version: v0.0.0-20260922100022-aa62de46c083
2026/09/22 10:10:18 RACOON-Pi3 version: v0.0.0-20260922100022-aa62de46c083
2026/09/22 10:10:18 Exporting PWM...
2026/09/22 10:10:19 Buzzer PWM initialized: /sys/class/pwm/pwmchip1/pwm0
DIP1: 1
DIP2: 1
DIP3: 1
DIP4: 1
GOT ID FROM DIP SW: 15
2026/09/22 10:10:19 Local MAC for AI receive: 20:bd:1d:d7:3f:f2 (wlan0)
2026/09/22 10:10:19 Local IP for AI receive: 172.15.0.34 (wlan0)
2026/09/22 10:10:19 [TRAJ] reading the trajectory from stdin (JSON lines, then "END") ...
2026/09/22 10:10:19 [TRAJ] 413 points, 6.58 s, max radius 0.60 m, max speed 0.30 m/s, max yaw rate 0.00 rad/s
2026/09/22 10:10:19 [TRAJ] waiting for vision of blue 12 ...
2026/09/22 10:10:19 [VISION] Listening on 224.5.23.2:10006 (team=blue id=12)
2026/09/22 10:10:19 SPI recv frame mismatch: no valid frame in 40-byte window
2026/09/22 10:10:19 SPI recv frame recovered
2026/09/22 10:10:19 [TRAJ] *** RUNNING: method=ffp interp=hermite from (149, -870) mm, 94.3 deg. Ctrl+C to stop ***
2026/09/22 10:10:19 Emergency stop released (InfoEmgStop: 1 -> 0)
2026/09/22 10:10:19 Pythonプロセスを開始します（board=rock5a）。
2026/09/22 10:10:19 Pythonプロセスが正常に開始されました。
2026/09/22 10:10:19 API Server listening on :9191
/usr/bin/python3: No module named camera
2026/09/22 10:10:20 [TRAJ] t= 0.70s err=(  +24,   +8) mm cmd=( -250, +227) mm/s age=  8 ms
2026/09/22 10:10:21 [TRAJ] t= 1.75s err=(   +4,   +3) mm cmd=( -312,  -38) mm/s age=  3 ms
DIP1: 1
DIP2: 1
DIP3: 1
DIP4: 1
HEX: 15
2026/09/22 10:10:22 [TRAJ] t= 2.75s err=(   -1,   +1) mm cmd=( -133, -271) mm/s age=  2 ms
2026/09/22 10:10:23 [TRAJ] t= 3.79s err=(  -11,   +0) mm cmd=( +196, -252) mm/s age=  1 ms
2026/09/22 10:10:24 [TRAJ] t= 4.79s err=(  -13,   -3) mm cmd=( +345,  +10) mm/s age=  8 ms
2026/09/22 10:10:25 [TRAJ] t= 5.79s err=(   -5,   -3) mm cmd=( +176, +265) mm/s age=  2 ms
2026/09/22 10:10:26 [TRAJ] t= 6.85s err=(   -1,   -7) mm cmd=(   +4,  +22) mm/s age=  2 ms
2026/09/22 10:10:26 Emergency stop activated (InfoEmgStop: 0 -> 1)
=== trajpoc result: method=ffp interp=hermite Kp=3.00 Kth=4.00 lead=30ms ===
end: done (trajectory finished)
vision frames 843, held cycles 0, vision age median 4 ms
position error     RMS   13.6 mm   max   33.2 mm
contour error      RMS    9.6 mm   max   29.2 mm   (distance to the path, time ignored)
along-track mean     -4.9 mm   lag 10 ms   (negative mean = behind the reference)
cross-track        RMS   10.1 mm
heading error      RMS   1.82 deg  max   4.45 deg
final (arrival)       0.6 mm    0.75 deg
command accel RMS    0.63 m/s^2  (how jerky the command was)
csv: trajpoc-20260922-101027-ffp-hermite.csv
2026/09/22 10:10:27 既存のPythonプロセスを停止します。
2026/09/22 10:10:27 SPI recv frame mismatch: no valid frame in 40-byte window
2026/09/22 10:10:27 SPI recv frame recovered
