racoon-56011

2026/09/22 10:56:54 Build version: v0.0.0-20260922105638-662c0f9ea335
2026/09/22 10:56:54 RACOON-Pi3 version: v0.0.0-20260922105638-662c0f9ea335
2026/09/22 10:56:54 Buzzer PWM initialized: /sys/class/pwm/pwmchip1/pwm0
DIP1: 1
DIP2: 1
DIP3: 1
DIP4: 1
GOT ID FROM DIP SW: 15
2026/09/22 10:56:54 Local MAC for AI receive: 20:bd:1d:d7:3f:f2 (wlan0)
2026/09/22 10:56:54 Local IP for AI receive: 172.15.0.34 (wlan0)
2026/09/22 10:56:54 [TRAJ] reading the trajectory from stdin (JSON lines, then "END") ...
2026/09/22 10:56:54 [TRAJ] 321 points, 5.11 s, max radius 0.60 m, max speed 0.40 m/s, max yaw rate 0.00 rad/s
2026/09/22 10:56:54 [TRAJ] waiting for vision of blue 12 ...
2026/09/22 10:56:54 [VISION] Listening on 224.5.23.2:10006 (team=blue id=12)
2026/09/22 10:56:54 [TRAJ] *** RUNNING: method=ffp interp=hermite from (-641, -1297) mm, 82.9 deg. Ctrl+C to stop ***
2026/09/22 10:56:54 Emergency stop released (InfoEmgStop: 1 -> 0)
2026/09/22 10:56:55 Pythonプロセスを開始します（board=rock5a）。
2026/09/22 10:56:55 Pythonプロセスが正常に開始されました。
2026/09/22 10:56:55 API Server listening on :9191
/usr/bin/python3: No module named camera
2026/09/22 10:56:55 [TRAJ] t= 0.70s err=(  +35,  +16) mm cmd=( -313, +295) mm/s age=  0 ms
2026/09/22 10:56:56 [TRAJ] t= 1.70s err=(   +3,   +5) mm cmd=( -392, -136) mm/s age=  2 ms
DIP1: 1
DIP2: 1
DIP3: 1
DIP4: 1
HEX: 15
2026/09/22 10:56:57 [TRAJ] t= 2.70s err=(  -33,   +6) mm cmd=( +127, -435) mm/s age= 14 ms
2026/09/22 10:56:58 [TRAJ] t= 3.75s err=(   -1,   -7) mm cmd=( +418,  -24) mm/s age= 15 ms
2026/09/22 10:56:59 [TRAJ] t= 4.80s err=(  +22,   -1) mm cmd=(  +28, +314) mm/s age=  9 ms
2026/09/22 10:57:00 [TRAJ] t= 5.84s err=(   +1,   +1) mm cmd=(   -4,   -3) mm/s age=  9 ms
2026/09/22 10:57:01 Emergency stop activated (InfoEmgStop: 0 -> 1)
=== trajpoc result: method=ffp interp=hermite Kp=3.00 Kth=4.00 lead=0ms ===
end: done (trajectory finished)
vision frames 587, held cycles 0, vision age median 4 ms
position error     RMS   20.1 mm   max   42.1 mm
contour error      RMS   16.0 mm   max   39.7 mm   (distance to the path, time ignored)
along-track mean     -2.4 mm   lag -0 ms   (negative mean = behind the reference)
cross-track        RMS   16.9 mm
heading error      RMS   2.04 deg  max   6.96 deg
final (arrival)       1.9 mm    0.37 deg
command accel RMS    1.00 m/s^2  (how jerky the command was)
csv: trajpoc-20260922-105701-ffp-hermite.csv
2026/09/22 10:57:01 既存のPythonプロセスを停止します。
