racoon-56011

2026/09/22 10:10:04 Build version: v0.0.0-20260922100022-aa62de46c083
2026/09/22 10:10:04 RACOON-Pi3 version: v0.0.0-20260922100022-aa62de46c083
2026/09/22 10:10:04 Exporting PWM...
2026/09/22 10:10:04 Buzzer PWM initialized: /sys/class/pwm/pwmchip1/pwm0
DIP1: 1
DIP2: 1
DIP3: 1
DIP4: 1
GOT ID FROM DIP SW: 15
2026/09/22 10:10:04 Local MAC for AI receive: 20:bd:1d:d7:3f:f2 (wlan0)
2026/09/22 10:10:04 Local IP for AI receive: 172.15.0.34 (wlan0)
2026/09/22 10:10:04 [TRAJ] reading the trajectory from stdin (JSON lines, then "END") ...
2026/09/22 10:10:04 [TRAJ] 616 points, 9.82 s, max radius 0.60 m, max speed 0.40 m/s, max yaw rate 0.00 rad/s
2026/09/22 10:10:04 [TRAJ] waiting for vision of blue 12 ...
2026/09/22 10:10:04 [VISION] Listening on 224.5.23.2:10006 (team=blue id=12)
2026/09/22 10:10:04 SPI recv frame mismatch: no valid frame in 40-byte window
2026/09/22 10:10:04 SPI recv frame recovered
2026/09/22 10:10:04 [TRAJ] *** RUNNING: method=ffp interp=hermite from (149, -869) mm, 93.8 deg. Ctrl+C to stop ***
2026/09/22 10:10:04 Emergency stop released (InfoEmgStop: 1 -> 0)
2026/09/22 10:10:05 Pythonプロセスを開始します（board=rock5a）。
2026/09/22 10:10:05 Pythonプロセスが正常に開始されました。
2026/09/22 10:10:05 API Server listening on :9191
/usr/bin/python3: No module named camera
2026/09/22 10:10:05 [TRAJ] t= 0.70s err=(  +31,   +8) mm cmd=( -364, +276) mm/s age=  3 ms
2026/09/22 10:10:06 [TRAJ] t= 1.74s err=(   +1,   +6) mm cmd=( -348, -232) mm/s age=  4 ms
DIP1: 1
DIP2: 1
DIP3: 1
DIP4: 1
HEX: 15
2026/09/22 10:10:07 [TRAJ] t= 2.79s err=(  -10,   -2) mm cmd=( +181, -370) mm/s age=  5 ms
2026/09/22 10:10:08 [TRAJ] t= 3.85s err=(   -5,  -10) mm cmd=( +410, +117) mm/s age=  3 ms
2026/09/22 10:10:09 [TRAJ] t= 4.85s err=(  +22,   -7) mm cmd=(  -59, +427) mm/s age=  6 ms
2026/09/22 10:10:10 [TRAJ] t= 5.85s err=(  -19,  +17) mm cmd=( +430, +100) mm/s age=  3 ms
2026/09/22 10:10:11 [TRAJ] t= 6.90s err=(   +4,   +9) mm cmd=( +205, -369) mm/s age=  3 ms
2026/09/22 10:10:12 [TRAJ] t= 7.95s err=(  +14,   -9) mm cmd=( -344, -245) mm/s age=  4 ms
2026/09/22 10:10:13 [TRAJ] t= 8.95s err=(   +3,  -11) mm cmd=( -348, +264) mm/s age=  8 ms
2026/09/22 10:10:14 [TRAJ] t= 9.99s err=(   -5,   -9) mm cmd=(  +16,  +27) mm/s age=  7 ms
2026/09/22 10:10:15 Emergency stop activated (InfoEmgStop: 0 -> 1)
=== trajpoc result: method=ffp interp=hermite Kp=3.00 Kth=4.00 lead=30ms ===
end: done (trajectory finished)
vision frames 1216, held cycles 0, vision age median 5 ms
position error     RMS   16.4 mm   max   35.9 mm
contour error      RMS   13.1 mm   max   30.9 mm   (distance to the path, time ignored)
along-track mean     -5.7 mm   lag 15 ms   (negative mean = behind the reference)
cross-track        RMS   14.2 mm
heading error      RMS   2.17 deg  max   8.25 deg
final (arrival)       2.6 mm    0.70 deg
command accel RMS    0.82 m/s^2  (how jerky the command was)
csv: trajpoc-20260922-101015-ffp-hermite.csv
2026/09/22 10:10:15 既存のPythonプロセスを停止します。
